// Jest Snapshot v1, https://goo.gl/fbAQLP

exports[`renders homepage unchanged 1`] = `
<div>
  <h1>
    Counter App
  </h1>
  <div
    data-testid="count"
  >
    Count: 
    0
  </div>
  <button
    data-testid="btn"
  >
    Increment
  </button>
   | 
  <button
    data-testid="btn"
  >
    Decrement
  </button>
   | 
  <button
    data-testid="btn"
  >
    Reset
  </button>
</div>
`;
